Drill Listing
=============
Drill: .00787  Tool: 1  Feed: 0  Speed: 0
X 281496  Y 436614
X 281496  Y 432677
X 281496  Y 428740
X 281496  Y 424803
X 281496  Y 420866
X 285826  Y 420866
X 290157  Y 420866
X 293700  Y 420866
X 296653  Y 419291
X 296653  Y 415354
X 300590  Y 415354
X 301574  Y 420866
X 304527  Y 415354
X 308464  Y 415354
X 312401  Y 415354
X 316338  Y 415354
X 320275  Y 415354
X 324212  Y 415354
X 328149  Y 415354
X 332086  Y 415354
X 336023  Y 415354
X 339960  Y 415354
X 340944  Y 420866
X 343897  Y 415354
X 347834  Y 415354
X 351771  Y 415354
X 355708  Y 415354
X 359645  Y 415354
X 360629  Y 420866
X 363582  Y 415354
X 367519  Y 415354
X 371456  Y 415354
X 375393  Y 415354
X 379330  Y 415354
X 380314  Y 420866
X 383267  Y 415354
X 387204  Y 415354
X 391141  Y 415354
X 395078  Y 415354
X 399015  Y 415354
X 400000  Y 420866
X 402952  Y 415354
X 406889  Y 415354
X 410826  Y 415354
X 414763  Y 415354
X 418700  Y 415354
X 419685  Y 420866
X 422637  Y 415354
X 426574  Y 415354
X 430511  Y 419291
X 430511  Y 415354
X 430511  Y 438976
X 430511  Y 435039
X 430511  Y 431102
X 430511  Y 427165
X 430511  Y 423228
X 434448  Y 415354
X 438385  Y 415354
X 439468  Y 434350
X 439468  Y 424311
X 442322  Y 415354
X 446259  Y 415354
X 449507  Y 434350
X 449507  Y 424311
X 450196  Y 415354
X 454133  Y 415354
X 458070  Y 415354
X 459547  Y 424311
X 459547  Y 434350
X 462007  Y 415354
X 465944  Y 415354
X 469586  Y 434350
X 469586  Y 424311
X 469881  Y 415354
X 473818  Y 415354
X 477755  Y 415354
X 479625  Y 424311
X 479625  Y 434350
X 481692  Y 415354
X 485629  Y 415354
X 489566  Y 415354
X 489665  Y 434350
X 489665  Y 424311
X 493503  Y 415354
X 497440  Y 415354
X 499704  Y 424311
X 499704  Y 434350
X 501377  Y 415354
X 505314  Y 415354
X 509251  Y 415354
X 509744  Y 434350
X 509744  Y 424311
X 513188  Y 415354
X 517125  Y 415354
X 519783  Y 434350
X 519783  Y 424311
X 521062  Y 415354
X 525000  Y 415354
X 528937  Y 415354
X 529822  Y 434350
X 529822  Y 424311
X 532874  Y 415354
X 536811  Y 415354
X 539862  Y 424311
X 539862  Y 434350
X 540748  Y 415354
X 544685  Y 415354
X 548622  Y 415354
X 549901  Y 424311
X 549901  Y 434350
X 552559  Y 415354
X 556496  Y 415354
X 559940  Y 424311
X 559940  Y 434350
X 560433  Y 415354
X 564370  Y 415354
X 568307  Y 415354
X 569980  Y 424311
X 572244  Y 415354
X 572440  Y 434251
X 574606  Y 437007
X 576181  Y 415354
X 577165  Y 437667
X 577755  Y 418307
X 577755  Y 424212
X 577755  Y 421259
X 580118  Y 415354
X 581791  Y 428641
X 581889  Y 434251
X 584055  Y 415354
X 587992  Y 415354
X 588385  Y 433267
X 591929  Y 415354
X 594881  Y 433267
X 595866  Y 415354
X 598720  Y 439862
X 599803  Y 415354
X 601377  Y 418307
X 601377  Y 425196
X 601377  Y 422244
X 603149  Y 430314
X 603740  Y 415354
X 606397  Y 440059
X 606791  Y 432185
X 607677  Y 415354
X 608464  Y 438287
X 610137  Y 424311
X 611614  Y 415354
X 615551  Y 415354
X 619488  Y 415354
X 623425  Y 415354
X 627362  Y 415354
X 631299  Y 415354
X 634842  Y 440157
X 635236  Y 415354
X 636023  Y 433858
X 639173  Y 415354
X 639960  Y 433759
X 643110  Y 415354
X 645866  Y 424704
X 647047  Y 415354
X 647342  Y 429625
X 648425  Y 437401
X 649507  Y 431791
X 649507  Y 429625
X 650984  Y 415354
X 651082  Y 420472
X 652165  Y 434842
X 652165  Y 424114
X 654330  Y 427854
X 655511  Y 424704
X 655610  Y 420472
X 656889  Y 433858
X 660334  Y 420472
X 660433  Y 430708
X 662007  Y 435826
X 662007  Y 440157
X 663385  Y 428937
X 663385  Y 432874
X 663385  Y 436811
X 663385  Y 425000
X 663385  Y 456496
X 663385  Y 464370
X 663385  Y 460433
X 662007  Y 458267
X 662007  Y 444685
X 662007  Y 449409
X 662007  Y 453937
X 660334  Y 464468
X 656791  Y 460236
X 652263  Y 440551
X 651771  Y 453937
X 649507  Y 463779
X 649507  Y 461614
X 649409  Y 449015
X 649212  Y 455511
X 647342  Y 463779
X 646850  Y 455511
X 645078  Y 449409
X 645078  Y 444685
X 644685  Y 458366
X 640059  Y 460137
X 636122  Y 460236
X 634842  Y 444685
X 634842  Y 453937
X 634842  Y 449409
X 633070  Y 463681
X 630216  Y 454429
X 610925  Y 446456
X 610629  Y 442125
X 610137  Y 454429
X 610039  Y 463582
X 605708  Y 453248
X 602952  Y 456496
X 599803  Y 456496
X 599803  Y 460433
X 596653  Y 456496
X 596653  Y 460433
X 593503  Y 460433
X 593503  Y 465157
X 590354  Y 450196
X 590354  Y 460433
X 588779  Y 465157
X 587204  Y 450196
X 587204  Y 460433
X 584055  Y 448622
X 584055  Y 465157
X 584055  Y 460433
X 582480  Y 447047
X 580905  Y 460433
X 579330  Y 465157
X 577755  Y 460433
X 574606  Y 460433
X 574606  Y 465157
X 571456  Y 456496
X 569980  Y 464468
X 568307  Y 456496
X 565157  Y 456496
X 564862  Y 447834
X 561614  Y 443700
X 559547  Y 444389
X 554921  Y 450000
X 553641  Y 461909
X 549901  Y 444389
X 548228  Y 456003
X 545472  Y 448326
X 544881  Y 458562
X 543897  Y 453937
X 543208  Y 462893
X 539370  Y 444094
X 534744  Y 458464
X 533858  Y 450885
X 529822  Y 464468
X 529822  Y 454429
X 529822  Y 444389
X 520669  Y 454527
X 519783  Y 444389
X 512303  Y 458562
X 512303  Y 453444
X 512303  Y 450885
X 512303  Y 456003
X 509940  Y 448326
X 509744  Y 444389
X 509645  Y 461220
X 499704  Y 454429
X 499704  Y 444389
X 499409  Y 463976
X 495866  Y 459940
X 493307  Y 464665
X 489665  Y 464468
X 489665  Y 454429
X 489665  Y 444389
X 479625  Y 464468
X 479625  Y 444389
X 479625  Y 454429
X 469586  Y 464468
X 469586  Y 454429
X 469586  Y 444389
X 459547  Y 464468
X 459547  Y 444389
X 459547  Y 454429
X 449507  Y 464468
X 449507  Y 444389
X 449507  Y 454429
X 439468  Y 454429
X 439468  Y 464468
X 439468  Y 444389
X 430511  Y 450787
X 430511  Y 454724
X 430511  Y 446850
X 430511  Y 442913
X 430511  Y 458661
X 419685  Y 460236
X 419685  Y 440551
X 400000  Y 440551
X 400000  Y 460236
X 380314  Y 460236
X 380314  Y 440551
X 360629  Y 460236
X 360629  Y 440551
X 340944  Y 440551
X 340944  Y 460236
X 321259  Y 460236
X 301574  Y 460236
X 301574  Y 440551
X 281496  Y 460236
X 281496  Y 444488
X 281496  Y 456299
X 281496  Y 440551
X 281496  Y 464173
X 281496  Y 452362
X 281496  Y 448425
X 281496  Y 472047
X 281496  Y 468110
X 281496  Y 475984
X 281496  Y 487795
X 281496  Y 483858
X 281496  Y 479921
X 301574  Y 479921
X 321259  Y 479921
X 340944  Y 479921
X 360629  Y 479921
X 380314  Y 479921
X 400000  Y 479921
X 419685  Y 479921
X 430511  Y 478346
X 430511  Y 474409
X 430511  Y 470472
X 430511  Y 466535
X 430511  Y 490157
X 430511  Y 486220
X 430511  Y 482283
X 439468  Y 474507
X 439468  Y 484547
X 449507  Y 474507
X 449507  Y 484547
X 459547  Y 474507
X 459547  Y 484547
X 469586  Y 474507
X 469586  Y 484547
X 470472  Y 486712
X 477765  Y 478848
X 479694  Y 479881
X 481683  Y 478887
X 483661  Y 475393
X 486318  Y 479625
X 489566  Y 476574
X 493307  Y 471161
X 493307  Y 477854
X 493503  Y 488976
X 495492  Y 478149
X 497440  Y 479429
X 499429  Y 478021
X 499803  Y 473425
X 501377  Y 479429
X 503346  Y 480118
X 508858  Y 467421
X 509251  Y 469586
X 509744  Y 482775
X 510433  Y 487106
X 512303  Y 479822
X 512303  Y 477263
X 512303  Y 474704
X 512303  Y 472145
X 529822  Y 474507
X 529822  Y 484940
X 535433  Y 474704
X 535433  Y 472244
X 540157  Y 467421
X 542913  Y 481496
X 543110  Y 484940
X 544094  Y 475196
X 545472  Y 479330
X 545472  Y 469586
X 549901  Y 484547
X 551181  Y 471751
X 551181  Y 474015
X 551968  Y 465649
X 552755  Y 470177
X 554330  Y 474803
X 554724  Y 478051
X 554921  Y 481200
X 557677  Y 479625
X 557874  Y 485433
X 558661  Y 476476
X 568307  Y 486023
X 568503  Y 482283
X 569980  Y 477066
X 569980  Y 470767
X 569980  Y 484547
X 571948  Y 467814
X 571948  Y 486712
X 571948  Y 481988
X 572637  Y 472637
X 574311  Y 474901
X 574311  Y 470177
X 574311  Y 479625
X 574311  Y 484350
X 576968  Y 467519
X 579330  Y 472539
X 579330  Y 477263
X 579330  Y 486712
X 579330  Y 481988
X 581692  Y 467519
X 584055  Y 477263
X 584055  Y 472539
X 584055  Y 486712
X 584055  Y 481988
X 586417  Y 467519
X 588779  Y 472539
X 588779  Y 486712
X 588779  Y 481988
X 588779  Y 477263
X 591141  Y 467519
X 593799  Y 479625
X 593799  Y 470177
X 593799  Y 484350
X 593799  Y 474901
X 596161  Y 472539
X 596161  Y 467814
X 596161  Y 477263
X 596161  Y 486712
X 596161  Y 481988
X 600196  Y 478051
X 600196  Y 465551
X 600196  Y 468602
X 600196  Y 471751
X 600196  Y 474901
X 600196  Y 487500
X 600196  Y 484350
X 600196  Y 481200
X 609645  Y 468602
X 609645  Y 474901
X 609645  Y 487500
X 609645  Y 484350
X 609645  Y 481200
X 609645  Y 478051
X 620177  Y 474507
X 620177  Y 484547
X 622736  Y 467322
X 623622  Y 469586
X 626181  Y 474409
X 626771  Y 469586
X 626968  Y 484448
X 629921  Y 466338
X 629921  Y 477165
X 630216  Y 474507
X 631397  Y 484055
X 633070  Y 479822
X 636909  Y 480807
X 637007  Y 466338
X 637007  Y 477165
X 640255  Y 474409
X 640944  Y 479822
X 642421  Y 484055
X 644094  Y 477165
X 644094  Y 466929
X 645964  Y 473622
X 646456  Y 469586
X 650295  Y 474507
X 650295  Y 484547
X 650393  Y 469586
X 654232  Y 465354
X 655314  Y 469094
X 657775  Y 471555
X 660334  Y 474507
X 660334  Y 484547
X 663385  Y 468307
X 663385  Y 476181
X 663385  Y 487598
X 663385  Y 484055
X 663385  Y 480118
X 663385  Y 472244
X 663385  Y 499409
X 663385  Y 495472
X 663385  Y 491535
X 663385  Y 514763
X 663385  Y 510826
X 663385  Y 507283
X 663385  Y 503346
X 660334  Y 494586
X 660334  Y 514665
X 660334  Y 504625
X 650295  Y 514665
X 642421  Y 495866
X 640255  Y 514665
X 640255  Y 504625
X 636909  Y 499114
X 631397  Y 495866
X 630216  Y 494586
X 630216  Y 514665
X 630216  Y 504625
X 620177  Y 494586
X 620177  Y 504625
X 620177  Y 514665
X 610137  Y 494586
X 610137  Y 514665
X 609645  Y 490649
X 609547  Y 504625
X 607086  Y 508759
X 602952  Y 508759
X 600295  Y 500098
X 600196  Y 490649
X 600000  Y 514665
X 599803  Y 508759
X 599803  Y 503248
X 596653  Y 508759
X 596259  Y 502066
X 596161  Y 491437
X 595078  Y 495275
X 593503  Y 508759
X 593503  Y 499311
X 591141  Y 491732
X 590354  Y 508759
X 590354  Y 499311
X 590059  Y 514665
X 588779  Y 495275
X 587204  Y 499409
X 586417  Y 491732
X 584055  Y 499311
X 582480  Y 495275
X 581692  Y 491732
X 580905  Y 499311
X 580905  Y 508759
X 580019  Y 514665
X 577755  Y 508759
X 577755  Y 499212
X 576968  Y 491732
X 576181  Y 495275
X 574606  Y 499212
X 574606  Y 508759
X 571948  Y 491437
X 571259  Y 500590
X 569980  Y 514665
X 568307  Y 508759
X 567913  Y 493799
X 567913  Y 500000
X 567913  Y 490354
X 567913  Y 497047
X 565157  Y 508759
X 565157  Y 503248
X 558562  Y 503248
X 558464  Y 490649
X 555118  Y 497539
X 555118  Y 499507
X 550000  Y 503543
X 549901  Y 514665
X 543011  Y 500098
X 543011  Y 496948
X 539862  Y 514665
X 537795  Y 504724
X 536811  Y 495078
X 536712  Y 496948
X 536515  Y 500098
X 529822  Y 504625
X 529822  Y 514665
X 529822  Y 494586
X 522047  Y 509547
X 521259  Y 499704
X 519783  Y 504625
X 519783  Y 494586
X 519783  Y 514665
X 519488  Y 491535
X 510137  Y 495767
X 509744  Y 514665
X 509744  Y 504625
X 499704  Y 494586
X 499704  Y 514665
X 489665  Y 494586
X 489665  Y 504625
X 479625  Y 504625
X 479625  Y 494586
X 479625  Y 514665
X 476377  Y 495866
X 474901  Y 501673
X 474901  Y 513484
X 474901  Y 497736
X 474901  Y 493799
X 474901  Y 503641
X 465659  Y 501673
X 463877  Y 499704
X 461515  Y 511909
X 459448  Y 498818
X 456397  Y 499507
X 450984  Y 504330
X 450787  Y 514566
X 449015  Y 498031
X 444881  Y 509842
X 444881  Y 507480
X 430511  Y 513779
X 430511  Y 494094
X 430511  Y 501968
X 430511  Y 498031
X 419685  Y 499606
X 400000  Y 499606
X 380314  Y 499606
X 360629  Y 499606
X 340944  Y 499606
X 321259  Y 499606
X 301574  Y 499606
X 281496  Y 511417
X 281496  Y 495669
X 281496  Y 507480
X 281496  Y 503543
X 281496  Y 491732
X 281496  Y 499606
X 281496  Y 515354
X 281496  Y 519291
X 281496  Y 538976
X 281496  Y 535039
X 281496  Y 531102
X 281496  Y 527165
X 281496  Y 523228
X 301574  Y 519291
X 301574  Y 538976
X 321259  Y 538976
X 340944  Y 519291
X 340944  Y 538976
X 360629  Y 519291
X 360629  Y 538976
X 380216  Y 538877
X 380314  Y 519291
X 399901  Y 519192
X 400000  Y 538976
X 419685  Y 519291
X 419685  Y 538976
X 430511  Y 517716
X 430511  Y 537401
X 430511  Y 533464
X 430511  Y 529527
X 430511  Y 525590
X 430511  Y 521653
X 439468  Y 524704
X 450688  Y 528937
X 450885  Y 535039
X 452755  Y 525885
X 453740  Y 516929
X 459547  Y 519094
X 462598  Y 518208
X 469586  Y 524704
X 469586  Y 535334
X 473326  Y 528641
X 474901  Y 521358
X 479330  Y 538090
X 489763  Y 524212
X 489960  Y 515944
X 495374  Y 533464
X 499606  Y 537007
X 499704  Y 524212
X 505314  Y 535334
X 509744  Y 524704
X 509744  Y 535137
X 510137  Y 519389
X 512303  Y 528641
X 519783  Y 524704
X 519783  Y 534744
X 529822  Y 524704
X 529822  Y 534744
X 539862  Y 524704
X 539862  Y 534744
X 549901  Y 524704
X 549901  Y 534744
X 556496  Y 533267
X 569291  Y 539763
X 569980  Y 534744
X 571555  Y 520078
X 588582  Y 523907
X 590354  Y 534448
X 600000  Y 524704
X 600000  Y 534744
X 610137  Y 534744
X 610137  Y 524704
X 620177  Y 524704
X 620177  Y 534744
X 630216  Y 534744
X 630216  Y 524704
X 640255  Y 524704
X 640255  Y 534744
X 650295  Y 524704
X 650295  Y 534744
X 660334  Y 534744
X 660334  Y 524704
X 663385  Y 534055
X 663385  Y 530511
X 663385  Y 526574
X 663385  Y 522637
X 663385  Y 518700
X 663385  Y 537992
X 663385  Y 557283
X 663385  Y 553740
X 663385  Y 549803
X 663385  Y 545866
X 663385  Y 541929
X 663385  Y 565157
X 663385  Y 561220
X 660334  Y 554822
X 660334  Y 544783
X 660334  Y 564862
X 650295  Y 544783
X 650295  Y 554822
X 650295  Y 564862
X 640255  Y 554822
X 640255  Y 544783
X 640255  Y 564862
X 630216  Y 554822
X 630216  Y 544783
X 630216  Y 564862
X 620177  Y 544783
X 620177  Y 554822
X 620177  Y 564862
X 610137  Y 544783
X 610137  Y 554822
X 610137  Y 564862
X 600098  Y 564862
X 600000  Y 544783
X 600000  Y 554822
X 590354  Y 544685
X 590059  Y 554822
X 590059  Y 564862
X 580019  Y 554822
X 568110  Y 544488
X 558956  Y 556200
X 558956  Y 562303
X 556791  Y 559251
X 554822  Y 556200
X 554822  Y 562303
X 552559  Y 545078
X 549901  Y 564862
X 545964  Y 553149
X 539862  Y 564862
X 539763  Y 544783
X 530413  Y 551673
X 530413  Y 556988
X 529822  Y 564862
X 528346  Y 554330
X 526279  Y 551673
X 526279  Y 556988
X 519783  Y 564862
X 509744  Y 564862
X 509744  Y 544783
X 505708  Y 553051
X 499704  Y 564862
X 499704  Y 544783
X 499704  Y 554822
X 489665  Y 554822
X 479625  Y 554822
X 470767  Y 541732
X 469586  Y 564862
X 469586  Y 554822
X 450984  Y 544980
X 450885  Y 565157
X 450885  Y 554921
X 439468  Y 564862
X 439468  Y 554822
X 430511  Y 564960
X 430511  Y 561023
X 430511  Y 545275
X 430511  Y 557086
X 430511  Y 549212
X 430511  Y 541338
X 430511  Y 553149
X 419685  Y 558661
X 400000  Y 558661
X 380314  Y 558661
X 360629  Y 558661
X 340944  Y 558661
X 321259  Y 558661
X 301574  Y 558661
X 285236  Y 563385
X 281496  Y 546850
X 281496  Y 554724
X 281496  Y 562598
X 281496  Y 550787
X 281496  Y 542913
X 281496  Y 558661
X 285236  Y 574803
X 285236  Y 586614
X 290157  Y 577755
X 290157  Y 583661
X 294291  Y 566929
X 299409  Y 585826
X 299606  Y 571062
X 299606  Y 575590
X 300492  Y 580118
X 306102  Y 582086
X 311122  Y 582086
X 314960  Y 581102
X 314960  Y 583070
X 321259  Y 577854
X 340944  Y 578346
X 360629  Y 578346
X 380314  Y 578346
X 400000  Y 578346
X 419685  Y 578346
X 430511  Y 568897
X 430511  Y 576771
X 430511  Y 572834
X 430511  Y 588582
X 430511  Y 584645
X 432086  Y 590157
X 436023  Y 590157
X 439468  Y 574901
X 439468  Y 584940
X 439960  Y 590157
X 443897  Y 590157
X 447834  Y 590157
X 450393  Y 585039
X 450787  Y 575098
X 451771  Y 590157
X 455708  Y 590157
X 459547  Y 584940
X 459645  Y 590157
X 463582  Y 590157
X 467519  Y 590157
X 469586  Y 584940
X 469586  Y 574901
X 471456  Y 590157
X 475393  Y 590157
X 479330  Y 590157
X 479625  Y 574901
X 479625  Y 584940
X 483267  Y 590157
X 487204  Y 590157
X 489566  Y 565748
X 489665  Y 574901
X 489665  Y 584940
X 491141  Y 590157
X 495078  Y 590157
X 499015  Y 590157
X 499704  Y 574901
X 499704  Y 584940
X 502952  Y 590157
X 509744  Y 584940
X 509744  Y 574901
X 510826  Y 590157
X 514763  Y 590157
X 518700  Y 590157
X 519783  Y 574901
X 519783  Y 584940
X 522637  Y 590157
X 526574  Y 590157
X 529822  Y 574901
X 529822  Y 584940
X 530511  Y 590157
X 534448  Y 590157
X 538385  Y 590157
X 539862  Y 574901
X 539862  Y 584940
X 542322  Y 590157
X 546259  Y 590157
X 549901  Y 574901
X 549901  Y 584940
X 550196  Y 590157
X 554133  Y 590157
X 556889  Y 567027
X 558070  Y 590157
X 559940  Y 574901
X 559940  Y 584940
X 562007  Y 590157
X 565944  Y 590157
X 569881  Y 590157
X 571850  Y 584940
X 573818  Y 590157
X 577755  Y 590157
X 580019  Y 574901
X 580019  Y 584940
X 583366  Y 582775
X 583464  Y 588976
X 591437  Y 582874
X 592716  Y 574803
X 596653  Y 575000
X 598129  Y 582874
X 599704  Y 574901
X 600098  Y 584940
X 603149  Y 574901
X 609251  Y 590157
X 610137  Y 574901
X 610137  Y 584940
X 617125  Y 590157
X 620177  Y 574901
X 620177  Y 584940
X 621062  Y 590157
X 625000  Y 590157
X 628937  Y 590157
X 630216  Y 574901
X 630216  Y 584940
X 632874  Y 590157
X 636811  Y 590157
X 640255  Y 584940
X 640255  Y 574901
X 640748  Y 590157
X 644685  Y 590157
X 648622  Y 590157
X 650295  Y 584940
X 650295  Y 574901
X 652559  Y 590157
X 656496  Y 590157
X 660334  Y 574901
X 660334  Y 584940
X 660433  Y 590157
X 663385  Y 576968
X 663385  Y 588385
X 663385  Y 584448
X 663385  Y 580511
X 663385  Y 569094
X 663385  Y 573031
X 730314  Y 612401
X 730314  Y 608464
X 730314  Y 604527
X 727755  Y 601968
X 723818  Y 601968
X 719881  Y 601968
X 715944  Y 601968
X 712007  Y 601968
X 708070  Y 601968
X 704133  Y 601968
X 700196  Y 601968
X 696259  Y 601968
X 692322  Y 601968
X 688385  Y 601968
X 684448  Y 601968
X 680511  Y 601968
X 676574  Y 601968
X 672637  Y 601968
X 668700  Y 601968
X 665157  Y 601968
X 663385  Y 600196
X 663385  Y 596259
X 663385  Y 592322
X 630511  Y 607283
X 625787  Y 607283
X 620472  Y 597244
X 615748  Y 597244
X 595866  Y 591338
X 590157  Y 603346
X 585236  Y 591141
X 419685  Y 598031
X 400000  Y 598031
X 380314  Y 598031
X 360629  Y 598031
X 340944  Y 598031
X 321259  Y 598031
X 301574  Y 598031
X 299606  Y 590354
X 294291  Y 594488
X 285236  Y 598031
X 281496  Y 605905
X 281496  Y 601968
X 281496  Y 598031
X 281496  Y 613779
X 281496  Y 609842
X 281496  Y 617716
X 281496  Y 621653
X 281496  Y 625590
X 281496  Y 629527
X 281496  Y 633464
X 281496  Y 637401
X 301574  Y 617716
X 301574  Y 637401
X 340944  Y 617716
X 340944  Y 637401
X 360629  Y 617716
X 360629  Y 637401
X 380314  Y 617716
X 380314  Y 637401
X 400000  Y 617716
X 400000  Y 637401
X 419685  Y 617716
X 419685  Y 637401
X 439370  Y 617716
X 439370  Y 637401
X 459055  Y 617716
X 459055  Y 637401
X 478740  Y 617716
X 478740  Y 637401
X 498425  Y 617716
X 498425  Y 637401
X 518110  Y 617716
X 518110  Y 637401
X 537795  Y 617716
X 537795  Y 637401
X 557480  Y 617716
X 557480  Y 637401
X 577165  Y 637401
X 596850  Y 617716
X 596850  Y 637401
X 608464  Y 617716
X 616535  Y 617716
X 616535  Y 637401
X 620866  Y 617519
X 625196  Y 617519
X 635826  Y 617322
X 636220  Y 637401
X 640551  Y 617322
X 645866  Y 627362
X 650590  Y 627362
X 655905  Y 637401
X 655905  Y 617716
X 660629  Y 637401
X 675590  Y 617716
X 675590  Y 637401
X 695275  Y 617716
X 695275  Y 637401
X 714960  Y 617716
X 714960  Y 637401
X 730314  Y 616338
X 730314  Y 636023
X 730314  Y 632086
X 730314  Y 628149
X 730314  Y 624212
X 730314  Y 620275
X 730314  Y 639960
X 730314  Y 643897
X 725984  Y 640433
X 719685  Y 644685
X 714960  Y 657086
X 695275  Y 657086
X 682480  Y 644724
X 676181  Y 640433
X 675590  Y 657086
X 669881  Y 644724
X 660629  Y 657086
X 651968  Y 663385
X 645275  Y 648326
X 636220  Y 657086
X 616535  Y 657086
X 596850  Y 657086
X 577165  Y 657086
X 557480  Y 657086
X 537795  Y 657086
X 518110  Y 657086
X 498425  Y 657086
X 478740  Y 657086
X 459055  Y 657086
X 439370  Y 657086
X 419685  Y 657086
X 400000  Y 657086
X 380314  Y 657086
X 360629  Y 657086
X 340944  Y 657086
X 321259  Y 657086
X 281496  Y 645275
X 281496  Y 641338
X 281496  Y 653149
X 281496  Y 649212
X 281496  Y 661023
X 281496  Y 664960
X 281496  Y 657086
X 281496  Y 672834
X 281496  Y 676771
X 281496  Y 668897
X 281496  Y 680708
X 281496  Y 684645
X 281496  Y 688582
X 301574  Y 676771
X 321259  Y 676771
X 340944  Y 676771
X 360629  Y 676771
X 380314  Y 676771
X 400000  Y 676771
X 419685  Y 676771
X 439370  Y 676771
X 459055  Y 676771
X 478740  Y 676771
X 498425  Y 676771
X 518110  Y 676771
X 537795  Y 676771
X 557480  Y 676771
X 577165  Y 676771
X 596850  Y 676771
X 616535  Y 676771
X 654724  Y 678444
X 656692  Y 674803
X 658759  Y 688385
X 660531  Y 683464
X 660629  Y 670866
X 661023  Y 668405
X 668700  Y 683405
X 675590  Y 676771
X 714960  Y 676771
X 730314  Y 714763
X 725984  Y 714763
X 719685  Y 710472
X 682480  Y 710472
X 676181  Y 714763
X 669881  Y 710472
X 655905  Y 696456
X 655314  Y 690748
X 636220  Y 696456
X 596850  Y 696456
X 557480  Y 696456
X 537795  Y 696456
X 518110  Y 696456
X 498425  Y 696456
X 478740  Y 696456
X 459055  Y 696456
X 439370  Y 696456
X 419685  Y 696456
X 400000  Y 696456
X 380314  Y 696456
X 360629  Y 696456
X 340944  Y 696456
X 321259  Y 696456
X 301574  Y 696456
X 281496  Y 696456
X 281496  Y 692519
X 281496  Y 712204
X 281496  Y 708267
X 281496  Y 700393
X 281496  Y 704330
X 281496  Y 716141
X 281496  Y 720078
X 281496  Y 724015
X 283858  Y 726377
X 287795  Y 726377
X 291732  Y 726377
X 295669  Y 726377
X 299606  Y 726377
X 301574  Y 716141
X 303543  Y 726377
X 307480  Y 726377
X 311417  Y 726377
X 315354  Y 726377
X 319291  Y 726377
X 321259  Y 716141
X 323228  Y 726377
X 327165  Y 726377
X 331102  Y 726377
X 335039  Y 726377
X 338976  Y 726377
X 340944  Y 716141
X 342913  Y 726377
X 346850  Y 726377
X 350787  Y 726377
X 354724  Y 726377
X 358661  Y 726377
X 360629  Y 716141
X 362598  Y 726377
X 366535  Y 726377
X 370472  Y 726377
X 374409  Y 726377
X 378346  Y 726377
X 380314  Y 716141
X 382283  Y 726377
X 386220  Y 726377
X 390157  Y 726377
X 394094  Y 726377
X 398031  Y 726377
X 400000  Y 716141
X 401968  Y 726377
X 405905  Y 726377
X 409842  Y 726377
X 413779  Y 726377
X 417716  Y 726377
X 419685  Y 716141
X 421653  Y 726377
X 425590  Y 726377
X 429527  Y 726377
X 433464  Y 726377
X 437401  Y 726377
X 439370  Y 716141
X 441338  Y 726377
X 445275  Y 726377
X 449212  Y 726377
X 453149  Y 726377
X 457086  Y 726377
X 459055  Y 716141
X 461023  Y 726377
X 464960  Y 726377
X 468897  Y 726377
X 472834  Y 726377
X 476771  Y 726377
X 478740  Y 716141
X 480708  Y 726377
X 484645  Y 726377
X 488582  Y 726377
X 492519  Y 726377
X 496456  Y 726377
X 498425  Y 716141
X 500393  Y 726377
X 504330  Y 726377
X 508267  Y 726377
X 512204  Y 726377
X 516141  Y 726377
X 518110  Y 716141
X 520078  Y 726377
X 524015  Y 726377
X 527952  Y 726377
X 531889  Y 726377
X 535826  Y 726377
X 537795  Y 716141
X 539763  Y 726377
X 543700  Y 726377
X 547637  Y 726377
X 551574  Y 726377
X 555511  Y 726377
X 557480  Y 716141
X 559448  Y 726377
X 563385  Y 726377
X 567322  Y 726377
X 571259  Y 726377
X 575196  Y 726377
X 577165  Y 716141
X 579133  Y 726377
X 583070  Y 726377
X 587007  Y 726377
X 590944  Y 726377
X 594881  Y 726377
X 596850  Y 716141
X 598818  Y 726377
X 602755  Y 726377
X 606692  Y 726377
X 610629  Y 726377
X 614566  Y 726377
X 618503  Y 726377
X 622440  Y 726377
X 626377  Y 726377
X 630314  Y 726377
X 634251  Y 726377
X 636220  Y 716141
X 638188  Y 726377
X 642125  Y 726377
X 646062  Y 726377
X 650000  Y 726377
X 653937  Y 726377
X 655905  Y 716141
X 657874  Y 726377
X 661811  Y 726377
X 665748  Y 726377
X 669685  Y 726377
X 673622  Y 726377
X 677559  Y 726377
X 681496  Y 726377
X 685433  Y 726377
X 689370  Y 726377
X 693307  Y 726377
X 695275  Y 716141
X 697244  Y 726377
X 701181  Y 726377
X 705118  Y 726377
X 709055  Y 726377
X 712992  Y 726377
X 714960  Y 716141
X 716929  Y 726377
X 720866  Y 726377
X 724803  Y 726377
X 728740  Y 726377
X 730314  Y 716929
X 730314  Y 724803
X 730314  Y 720866
Drill: .0315  Tool: 2  Feed: 197  Speed: 550
X 562401  Y 519291
X 591141  Y 519291
Drill: .03543  Tool: 3  Feed: 197  Speed: 550
X 446850  Y 490551
X 454724  Y 490551
X 462598  Y 490551
Drill: .03937  Tool: 4  Feed: 197  Speed: 550
X 323031  Y 607716
X 585728  Y 543484
X 585728  Y 533484
X 323031  Y 617716
X 323031  Y 627716
Drill: .04213  Tool: 5  Feed: 139  Speed: 550
X 315255  Y 663779
X 315255  Y 651968
Drill: .04331  Tool: 6  Feed: 139  Speed: 550
X 291811  Y 491968
X 291811  Y 511968
X 311811  Y 491968
X 311811  Y 511968
Drill: .12008  Tool: 7  Feed: 35  Speed: 794
X 298248  Y 657874
Drill: .12598  Tool: 8  Feed: 35  Speed: 794
X 314960  Y 433070
X 622047  Y 433070
X 720472  Y 629921
X 622047  Y 708661
X 314960  Y 708661
End of Listing
