ERC report (2026-03-10T00:27:50+0000, Encoding UTF8)

***** Sheet /
[power_pin_not_driven]: Input Power pin not driven by any Output Power pins
    ; error
    @(2750 mils, 2750 mils): Symbol U3 Pin 1 [CTG, Power input, Line]
[power_pin_not_driven]: Input Power pin not driven by any Output Power pins
    ; error
    @(4700 mils, 1000 mils): Symbol #PWR01 Pin 1 [Power input, Line]
[pin_not_connected]: Pin not connected
    ; error
    @(6050 mils, 1600 mils): Symbol IC1 Pin 13 [P0.09/NFC1, Passive, Line]
[pin_not_connected]: Pin not connected
    ; error
    @(6150 mils, 1600 mils): Symbol IC1 Pin 12 [P0.10/NFC2, Passive, Line]
[pin_not_connected]: Pin not connected
    ; error
    @(6250 mils, 1600 mils): Symbol IC1 Pin 11 [P0.21/UART1_DE, Passive, Line]
[pin_not_connected]: Pin not connected
    ; error
    @(6350 mils, 1600 mils): Symbol IC1 Pin 10 [P0.20/UART1_TX_(AT_COMMAND), Passive, Line]
[pin_not_connected]: Pin not connected
    ; error
    @(6450 mils, 1600 mils): Symbol IC1 Pin 9 [P0.19/UART1_RX_(AT_COMMAND), Passive, Line]
[pin_not_connected]: Pin not connected
    ; error
    @(6550 mils, 1600 mils): Symbol IC1 Pin 8 [P0.17/UART2_DE, Passive, Line]
[pin_not_connected]: Pin not connected
    ; error
    @(6650 mils, 1600 mils): Symbol IC1 Pin 7 [P0.16/UART2_TX, Passive, Line]
[pin_not_connected]: Pin not connected
    ; error
    @(6750 mils, 1600 mils): Symbol IC1 Pin 6 [P0.15/UART2_RX, Passive, Line]
[pin_not_connected]: Pin not connected
    ; error
    @(5750 mils, 4100 mils): Symbol IC1 Pin 21 [VBAT_IO_SX, Passive, Line]
[pin_not_connected]: Pin not connected
    ; error
    @(6050 mils, 5400 mils): Symbol IC1 Pin 23 [P0.24/I2C_SDA_2, Passive, Line]
[pin_not_connected]: Pin not connected
    ; error
    @(6150 mils, 5400 mils): Symbol IC1 Pin 24 [P0.25/I2C_SCL_2, Passive, Line]
[pin_not_connected]: Pin not connected
    ; error
    @(6250 mils, 5400 mils): Symbol IC1 Pin 25 [P1.01/SW1, Passive, Line]
[pin_not_connected]: Pin not connected
    ; error
    @(7550 mils, 3600 mils): Symbol IC1 Pin 42 [GND_7, Passive, Line]
[pin_not_connected]: Pin not connected
    ; error
    @(6450 mils, 5400 mils): Symbol IC1 Pin 27 [P1.03/LED1, Passive, Line]
[pin_not_connected]: Pin not connected
    ; error
    @(6550 mils, 5400 mils): Symbol IC1 Pin 28 [P1.04/LED2, Passive, Line]
[pin_not_connected]: Pin not connected
    ; error
    @(7550 mils, 4000 mils): Symbol IC1 Pin 38 [GND_6, Passive, Line]
[pin_not_connected]: Pin not connected
    ; error
    @(6650 mils, 5400 mils): Symbol IC1 Pin 29 [P0.03/QSPI_CLK, Passive, Line]
[pin_not_connected]: Pin not connected
    ; error
    @(7550 mils, 4100 mils): Symbol IC1 Pin 37 [RF_LORA, Passive, Line]
[pin_not_connected]: Pin not connected
    ; error
    @(6750 mils, 5400 mils): Symbol IC1 Pin 30 [P0.02/QSPI_DIO3, Passive, Line]
[pin_not_connected]: Pin not connected
    ; error
    @(6850 mils, 5400 mils): Symbol IC1 Pin 31 [P0.28/QSPI_DIO2, Passive, Line]
[pin_not_connected]: Pin not connected
    ; error
    @(6950 mils, 5400 mils): Symbol IC1 Pin 32 [P0.29/QSPI_DIO1, Passive, Line]
[pin_not_connected]: Pin not connected
    ; error
    @(7050 mils, 5400 mils): Symbol IC1 Pin 33 [P0.30/QSPI_DIO0, Passive, Line]
[pin_not_connected]: Pin not connected
    ; error
    @(7150 mils, 5400 mils): Symbol IC1 Pin 34 [P0.26/QSPI_CS, Passive, Line]
[unconnected_wire_endpoint]: Unconnected wire endpoint
    ; warning
    @(1250 mils, 550 mils): Vertical Wire, length 100 mils
[footprint_link_issues]: The current configuration does not include the footprint library 'MAX17048G_T10'.
    ; warning
    @(2050 mils, 3250 mils): Symbol U3 [MAX17048G_T10]
[footprint_link_issues]: The current configuration does not include the footprint library 'TPS62840DLCR'.
    ; warning
    @(2200 mils, 5650 mils): Symbol U2 [TPS62840DLCR]
[endpoint_off_grid]: Symbol pin or wire end off connection grid
    ; warning
    @(1500 mils, 5950 mils): Horizontal Wire, length 123 mils
[endpoint_off_grid]: Symbol pin or wire end off connection grid
    ; warning
    @(1377 mils, 5950 mils): Vertical Wire, length 50 mils
[endpoint_off_grid]: Symbol pin or wire end off connection grid
    ; warning
    @(1377 mils, 6000 mils): Symbol #PWR014 Pin 1 [Power input, Line]
[footprint_link_issues]: The current configuration does not include the footprint library ''.
    ; warning
    @(5750 mils, 3400 mils): Symbol IC1 [RAK4630]

 ** ERC messages: 32  Errors 25  Warnings 7
